---
source: tests/integration_tests/e2e_tests.rs
expression: accounts
---
{
  "context": {
    "slot": 0
  },
  "value": {
    "items": [
      {
        "hash": "13berapdgyicVUiET7SAn1EVXjN7SttUXssCUxhw5KKZ",
        "address": null,
        "data": null,
        "owner": "2EnRYUeRy6AXWNhpQrcwb39LeWknBJ2F8q3ofnuti6fN",
        "lamports": 1000,
        "tree": "5bdFnXU47QjzGpzHfXnxcEi5WXyxzEAZzd1vrE39bf1W",
        "leafIndex": 2,
        "seq": 2,
        "slotCreated": 0
      },
      {
        "hash": "3tbNrbE827fHKJAhqnRG72riqXr15PPGiaK5MWEkYN38",
        "address": null,
        "data": null,
        "owner": "2EnRYUeRy6AXWNhpQrcwb39LeWknBJ2F8q3ofnuti6fN",
        "lamports": 1000,
        "tree": "5bdFnXU47QjzGpzHfXnxcEi5WXyxzEAZzd1vrE39bf1W",
        "leafIndex": 4,
        "seq": 4,
        "slotCreated": 0
      }
    ],
    "cursor": null
  }
}
