---
source: tests/integration_tests/e2e_tests.rs
expression: accounts
---
{
  "context": {
    "slot": 0
  },
  "value": {
    "items": [
      {
        "account": {
          "hash": "2kQ8YtyQwKVJkwepnWEKGJLTNp89VcVGFj2VpxaSAfot",
          "address": null,
          "data": {
            "discriminator": 2,
            "data": "4Hbbl93HSsUvS3a/qLDq2MPnYB7qqm1zph3bAyWhUnpUsjx8wZpTF6nEy1fYZj4mvK30jxoxKcwmKzUwN3dhzWQAAAAAAAAAAAAAAAAAAAAAAAA=",
            "dataHash": "32dBvSZ5DN5iQVNNS21nRA41FepUstFNsoFeF8NPnetR"
          },
          "owner": "9sixVEthz2kMSKfeApZXHwuboT6DZuT6crAYJTciUCqE",
          "lamports": 0,
          "tree": "5bdFnXU47QjzGpzHfXnxcEi5WXyxzEAZzd1vrE39bf1W",
          "leafIndex": 3,
          "seq": 4,
          "slotCreated": 0
        },
        "tokenData": {
          "mint": "G7DSgLMiDVvMGdY9nj9gXA9XW9E1xeGhVNgCBjs6zJ5w",
          "owner": "6hct2FBjZeQZ7Sscip1Xep3b94jCh7FvtaKqpfhne1Ak",
          "amount": 100,
          "delegate": null,
          "state": "initialized",
          "isNative": null,
          "delegatedAmount": 0
        }
      },
      {
        "account": {
          "hash": "2uSnD5swaYewEshv4YJdQJpQauciUqCAzMeeFmAQZ5Kk",
          "address": null,
          "data": {
            "discriminator": 2,
            "data": "4Hbbl93HSsUvS3a/qLDq2MPnYB7qqm1zph3bAyWhUnpUsjx8wZpTF6nEy1fYZj4mvK30jxoxKcwmKzUwN3dhzQUAAAAAAAAAAAAAAAAAAAAAAAA=",
            "dataHash": "47UQkufD8u9eJNanpzLaHZDiG6e3xF3Ct2WDVVVP6Pjk"
          },
          "owner": "9sixVEthz2kMSKfeApZXHwuboT6DZuT6crAYJTciUCqE",
          "lamports": 0,
          "tree": "5bdFnXU47QjzGpzHfXnxcEi5WXyxzEAZzd1vrE39bf1W",
          "leafIndex": 6,
          "seq": 6,
          "slotCreated": 0
        },
        "tokenData": {
          "mint": "G7DSgLMiDVvMGdY9nj9gXA9XW9E1xeGhVNgCBjs6zJ5w",
          "owner": "6hct2FBjZeQZ7Sscip1Xep3b94jCh7FvtaKqpfhne1Ak",
          "amount": 5,
          "delegate": null,
          "state": "initialized",
          "isNative": null,
          "delegatedAmount": 0
        }
      }
    ],
    "cursor": null
  }
}
