---
source: tests/integration_tests/e2e_tests.rs
expression: token_balances
---
{
  "context": {
    "slot": 0
  },
  "value": {
    "token_balances": [
      {
        "mint": "2U35cKS3Cj2xs5EBdByXYU7LaKAitqjSZc1Jnvu4iPf4",
        "balance": 105
      }
    ],
    "cursor": null
  }
}
