---
source: tests/integration_tests/e2e_tests.rs
expression: token_balances
---
{
  "context": {
    "slot": 0
  },
  "value": {
    "token_balances": [
      {
        "mint": "G7DSgLMiDVvMGdY9nj9gXA9XW9E1xeGhVNgCBjs6zJ5w",
        "balance": 895
      }
    ],
    "cursor": null
  }
}
