---
source: tests/integration_tests/e2e_tests.rs
expression: parsed_transaction
---
{
  "transaction": {
    "slot": 35,
    "transaction": [
      "Av+WiRe57vFwPUQKzRQHnPaUJqKbbrjPpUkF27RcYAxtPZhdq6ikoh0NxKCCGVniVMRtxtgeB7uCW+6pbdzl7A2rK0aNgQI+ioTDJsflRmqQj/vKpDkW2vgdzC9H0YwRO2Hi1jHEHr4/awlT1tg/F1o5oChVrvKm8V7ssaSP0MgNgAIABw/J2lX3bEKT6DH4ni9RzC212IxZeKmU5a+0OtHeQ+TsC7sdjF5JtM0FsTwSts1hsN5ZK+Hy76g3zEDLu4Epl/QZendTG1jI9lYwItes4XavUyXldhzjZ7KkYokhdhhhziTgdtuX3cdKxS9Ldr+osOrYw+dgHuqqbXOmHdsDJaFSeju2Dxy4AUVQTHFkwBP+TayTfjLZrAn9QVwg1Qcy/VSJDpNDIZ551u6iXE8btewjsfOdab9iDneAZd45Q3AiMOvX+tyc6TNGVUQ5YZdj5K3xeuq9mxhHkZBRPQgxmJRMP0RNfSBMgD20Ac9FLHl2mRGzt3Mio39m1gFXr7FfMUFFAwZGb+UhFzL/7K26csOb57yM5bvF9xJrLEObOkAAAACD2/n23cQhA3IXeesS5UeYJ1ep0I9lK4D1OxaGtud0IQbd9uHXZaGT2cvhRs7reawctIXtX1s3kTqM9YV+/wCpUWwytQBJW8Xd12pFBWuS/CX8e68+yKjmbwbZR2y6uFMLvA/Au0fKL3TEES6UqxPPo8Y05dwX6ssDzRojzX54fEFsPbA0deqFxq9Dqwwvj74oVYWL+D/gZzHfQIpcGaAdAAAAAAAAAAAAAAAAAAAAAAAAAAAAAAAAAAAAAAAAAAACNg6WcawbxhtlWOtrwlzf8gaLn+uNZoHQa3C681odagIIAAUCQEIPAAkOAAECAwQKCwUMBg0HCQ458SIwuiWze8ABAAAAVLI8fMGaUxepxMtX2GY+Jryt9I8aMSnMJis1MDd3Yc0BAAAA6AMAAAAAAAD+AA==",
      "base64"
    ],
    "meta": {
      "err": null,
      "status": {
        "Ok": null
      },
      "fee": 10000,
      "preBalances": [
        995022520,
        0,
        1461600,
        1461600,
        2039280,
        1169280,
        0,
        9496725120,
        1,
        1141440,
        929020800,
        1141440,
        1141440,
        1141440,
        1
      ],
      "postBalances": [
        995012370,
        0,
        1461600,
        1461600,
        2039280,
        1169280,
        0,
        9496725270,
        1,
        1141440,
        929020800,
        1141440,
        1141440,
        1141440,
        1
      ],
      "innerInstructions": [
        {
          "index": 1,
          "instructions": [
            {
              "programIdIndex": 10,
              "accounts": [
                3,
                4,
                2
              ],
              "data": "6qYT3cRnoTxb",
              "stackHeight": 2
            },
            {
              "programIdIndex": 11,
              "accounts": [
                0,
                2,
                5,
                12,
                6,
                13,
                9,
                11,
                11,
                14,
                11,
                7
              ],
              "data": "pYB2iCLnCEjZ1dTtcwRejJ19F7CQinYV6V57qKwBzgAoe2FMX8cPudKVQMHLnmBefSJopnyz4xLi4jMm7CBetvAo5N4V7oXT6c2YsPNmTpbhCt9NSwKCSAXAEQ1rEHBxVxYgdPUkjQ9U9bGHNEW2ea7tfVMpeAFVmDXicJujrD1zU2hzajYXEHHXbgyNyBtip2ArUnJQq8QkyjMG5NPvNJEnvMCdr5uA9H4PvptPqAdzZJbc612xjUw4USfboD27c6HmD7MTAyckcX8k2pihep7sxjAPQi6V4RziZqDWGraaYA7GUfJggw7sRLYHUjT3FySQwAfG98tAEKAgoBF62Wre4gowVcYBCWsXU67fuUgmWmWuyLX5jdmi1PWyL5QoCkAnQJAj4VorioX7aCk1kgh6mGNmYfRGzquHB5q",
              "stackHeight": 2
            },
            {
              "programIdIndex": 13,
              "accounts": [
                0,
                6,
                5,
                12,
                14,
                7
              ],
              "data": "5wPdbtbk7M4b3JSHrw1PY5Cxrrw1oY52hQABaC4MRQtW7r6dfYFJiPhmBDWxEQ",
              "stackHeight": 3
            },
            {
              "programIdIndex": 12,
              "accounts": [],
              "data": "LcYsUQdeQKxGUiMMFfD4pZgkFNr3k3cRuoFyrnCmq4CHUtoZLo1JaquAUtFpmShzRr9UC1ZHrwX6hpjpwPioiFAWENQwLp13uM9NH3yVrwtuyr9gjrCotggHnjEziKv3Yq5WwvPfL56Npf8ifuJPLL65RxjsbXqsfZYhhaBfHDFssAWJsCmKBbRkP3LTBcHeTexBKqSVsPYGnesoYBF7MHkuBLE3BTz9kohrG1ta1Vt47vnfPsWPS2DUMDmsSCXUPoHeRrWPe8wuaLzoffmHRD8cZYw7k7dPpYmE8bSbrjvnWQvNbxyN2qY9Wjf4KWZv2SmQ6bjH1WEpMW5ZNAsJVcgciMo4K4BNN7sKpFH8sstBvHvT4ggfb6CaS2qiUpHzrEczSHHpGGbSK3AEnJAEchcv6MK69HmXZRerhmuFAs49ZjiMhTPMy2bQJnGojR5ZD8czkujTyzEbEw1ucCgHS5pxcGrL5yQsk5TnCT2Y6AvZVi3GG7JzpcLwZc58JCoVM4jHmuJWXeSj9iQK4GJA9EqdAu9j79m81a5qXq66gefLaDLqvxZ9EiWQ4WKNqZ4UTFXEXDbW5jMAEJgtPxVCoJSqrUSbwWGTKzUSHEXz9J9AtRwmUHrxUFR4kxfeRGdzYBhLzQDuqBPBmhjE4NpFvyWgterMSAGP1Gn9dpeXDWu4orbVRtLhR3VaKCahjB2dy7FKjJ9813dqpR4xv3qRo1vtLgBoWVtqQk3o3N84fUv3L4XsGrrVs6Axj4sZMajv7eXCyZxpeAEnTBFPfU1NgpTE16N4hsuTQm8a3eSn3EmKdroJartnELUgHFJBffjq1b8vehi2c9fG4XmhJoDJ4XXc918GSuMayZBmzSdavwJwhmixy87kZvZ16dZ1d9qhL8A8SPJRJaQ37uPAACDFfT7L1hDsa3FVmh1Dvf8e8zUTThNBTqTeLGhqbZXnyeADNw6FnqMQLKj6r44d8FeVa5xN3sNXcA5fwzQHeBHybWzr741m2qdhmwHPLCwPXuUcz6G2fymtLwqXvk2bWXrgJyRzDW7JDctZmXFCTwNfPojyxDnW7VCHBS5yKDDQJPCEDvKgWoQrPYbBAYZJCG6nmWf9b2YBTCMm8unuK2kxsqRAbnfdpR8gynbDRrwxTpbyxhD2cMzESzEtxLVMr3ikGnEUJBFMbuVVdBr2Z2WrPdELQy2QKZbn4rvbvXYhorLbwEemdrXcGgLJywDQhyyb6XC8JH3RzADN97aPZYqH1NcxsuUazYu38TiXSSy3DhyXCH41Xjgs1ktp27SZWLgBQvHTeBjWc4UU9HxyRjP1XbS7UyqW5TvzrvJmsrNALWznXhGAB91WGs9",
              "stackHeight": 4
            },
            {
              "programIdIndex": 14,
              "accounts": [
                0,
                7
              ],
              "data": "3Bxs4Rwr9ZeRDby9",
              "stackHeight": 4
            },
            {
              "programIdIndex": 12,
              "accounts": [],
              "data": "11116tjoXrS9QRrV4wv8Z74xevHvd9kVED6LCnXm7vYauYxXSEwu15f2G8qm5GJ62uUFvmHiLMo8TiHG5W8SzQPLWmPFsADELBuTyLMFQGS6gBCUMM58uz3cmYV4SbWEz9NWhYiQcScvE3XFABXGZZzD4qFLaVZtDcYvuoC7tyKC86ok2ycU3uieboD21sJNgSS3fZj8qLX4QuXitWPjkjUWT7BUDa9PPjw4gRfoouGqCwN1WenWMbXdjPDeZgKzs7A6yP45jFJr7nN3ohpEKonH1YaPwRZtMGw2gvS1DdkmRGZ9C4RrvnJPKS6sGNCiduwmPis2uWCxiAyev9bDibUPqhSu3kC9rucS59Tsd",
              "stackHeight": 3
            }
          ]
        }
      ],
      "logMessages": [
        "Program ComputeBudget111111111111111111111111111111 invoke [1]",
        "Program ComputeBudget111111111111111111111111111111 success",
        "Program 9sixVEthz2kMSKfeApZXHwuboT6DZuT6crAYJTciUCqE invoke [1]",
        "Program log: Instruction: MintTo",
        "Program TokenkegQfeZyiNwAJbNbGKPFXCWuBvf9Ss623VQ5DA invoke [2]",
        "Program log: Instruction: MintTo",
        "Program TokenkegQfeZyiNwAJbNbGKPFXCWuBvf9Ss623VQ5DA consumed 4492 of 983985 compute units",
        "Program TokenkegQfeZyiNwAJbNbGKPFXCWuBvf9Ss623VQ5DA success",
        "Program 6UqiSPd2mRCTTwkzhcs1M6DGYsqHWd5jiPueX3LwDMXQ invoke [2]",
        "Program log: Instruction: InvokeCpi",
        "Program 5QPEJ5zDsVou9FQS3KCauKswM3VwBEBu4dpL9xTqkWwN invoke [3]",
        "Program log: Instruction: AppendLeavesToMerkleTrees",
        "Program noopb9bkMVfRPU8AsbpTUg8AQkHtKwMYZiFUjNRtMmV invoke [4]",
        "Program noopb9bkMVfRPU8AsbpTUg8AQkHtKwMYZiFUjNRtMmV consumed 38 of 889636 compute units",
        "Program noopb9bkMVfRPU8AsbpTUg8AQkHtKwMYZiFUjNRtMmV success",
        "Program 11111111111111111111111111111111 invoke [4]",
        "Program 11111111111111111111111111111111 success",
        "Program 5QPEJ5zDsVou9FQS3KCauKswM3VwBEBu4dpL9xTqkWwN consumed 55076 of 936930 compute units",
        "Program 5QPEJ5zDsVou9FQS3KCauKswM3VwBEBu4dpL9xTqkWwN success",
        "Program noopb9bkMVfRPU8AsbpTUg8AQkHtKwMYZiFUjNRtMmV invoke [3]",
        "Program noopb9bkMVfRPU8AsbpTUg8AQkHtKwMYZiFUjNRtMmV consumed 38 of 879305 compute units",
        "Program noopb9bkMVfRPU8AsbpTUg8AQkHtKwMYZiFUjNRtMmV success",
        "Program 6UqiSPd2mRCTTwkzhcs1M6DGYsqHWd5jiPueX3LwDMXQ consumed 85987 of 964681 compute units",
        "Program 6UqiSPd2mRCTTwkzhcs1M6DGYsqHWd5jiPueX3LwDMXQ success",
        "Program 9sixVEthz2kMSKfeApZXHwuboT6DZuT6crAYJTciUCqE consumed 121935 of 999850 compute units",
        "Program 9sixVEthz2kMSKfeApZXHwuboT6DZuT6crAYJTciUCqE success"
      ],
      "preTokenBalances": [
        {
          "accountIndex": 4,
          "mint": "G7DSgLMiDVvMGdY9nj9gXA9XW9E1xeGhVNgCBjs6zJ5w",
          "uiTokenAmount": {
            "uiAmount": null,
            "decimals": 2,
            "amount": "0",
            "uiAmountString": "0"
          },
          "owner": "z88EeQ81Khfq5CHpSq347RVEuZERqGWW7MkTjAdxdrM",
          "programId": "TokenkegQfeZyiNwAJbNbGKPFXCWuBvf9Ss623VQ5DA"
        }
      ],
      "postTokenBalances": [
        {
          "accountIndex": 4,
          "mint": "G7DSgLMiDVvMGdY9nj9gXA9XW9E1xeGhVNgCBjs6zJ5w",
          "uiTokenAmount": {
            "uiAmount": 10.0,
            "decimals": 2,
            "amount": "1000",
            "uiAmountString": "10"
          },
          "owner": "z88EeQ81Khfq5CHpSq347RVEuZERqGWW7MkTjAdxdrM",
          "programId": "TokenkegQfeZyiNwAJbNbGKPFXCWuBvf9Ss623VQ5DA"
        }
      ],
      "rewards": [],
      "loadedAddresses": {
        "writable": [],
        "readonly": []
      },
      "computeUnitsConsumed": 122085
    },
    "version": 0,
    "blockTime": 1715117976
  },
  "compression_info": {
    "closed_accounts": [],
    "opened_accounts": [
      {
        "account": {
          "hash": "3i8NnHAxhT5oFiuCJyEnHTZCUNMo1SnURMkqk4mnJsY8",
          "address": null,
          "data": {
            "discriminator": 2,
            "data": "4Hbbl93HSsUvS3a/qLDq2MPnYB7qqm1zph3bAyWhUnpUsjx8wZpTF6nEy1fYZj4mvK30jxoxKcwmKzUwN3dhzegDAAAAAAAAAAAAAAAAAAAAAAA=",
            "dataHash": "b5c2fTX2WAfSuwD3zUDWuSCDpVhRr299gDJqiyBVzx9"
          },
          "owner": "9sixVEthz2kMSKfeApZXHwuboT6DZuT6crAYJTciUCqE",
          "lamports": 0,
          "tree": "5bdFnXU47QjzGpzHfXnxcEi5WXyxzEAZzd1vrE39bf1W",
          "leafIndex": 0,
          "seq": 1,
          "slotCreated": 35
        },
        "optional_token_data": {
          "mint": "G7DSgLMiDVvMGdY9nj9gXA9XW9E1xeGhVNgCBjs6zJ5w",
          "owner": "6hct2FBjZeQZ7Sscip1Xep3b94jCh7FvtaKqpfhne1Ak",
          "amount": 1000,
          "delegate": null,
          "state": "initialized",
          "isNative": null,
          "delegatedAmount": 0
        }
      }
    ]
  }
}
