---
source: tests/integration_tests/e2e_tests.rs
expression: token_balances
---
{
  "context": {
    "slot": 0
  },
  "value": {
    "token_balances": [
      {
        "mint": "FeynqjiR2HGyqQX6ouv5jrRnGxEFYHHRvvnwGQ2HpfSX",
        "balance": 105
      }
    ],
    "cursor": null
  }
}
