---
source: tests/integration_tests/e2e_tests.rs
expression: all_nonvoting_transactions.value.items.len()
---
100
