---
source: tests/integration_tests/prod_tests.rs
expression: response
---
{
  "context": {
    "slot": 320879219
  },
  "value": {
    "items": [],
    "cursor": null
  }
}
