---
source: tests/integration_tests/e2e_tests.rs
expression: parsed_transaction
---
{
  "transaction": {
    "slot": 53,
    "transaction": [
      "AjfneV2HbG23LQexYuLHAoF9wMZsj0IOpeXvDxNGbqdFXUFjTJk/kSNb1bGUTR68GLddy/GdsASqEcWcYBSiqQ27gMDUdcZjuKumQ60bMqQsJaWyihPVqHeZKaCFzXeiLUlIyILzjknpoQjvI5yuVLJ9X55lJIU4BsX9HVJl1FoEgAIBCQ129wO8WIKG6eY3uWLE8oiLV+uv4g4bZ8FJk67jITSz9GFZsjIhiI/k4Jf83FMyo4EszCS+vrMsRiha6mJgMIKeRE19IEyAPbQBz0UseXaZEbO3cyKjf2bWAVevsV8xQUUtaxlkRkeJL9L43N8LzM1Z+DDTqAsZ255jL3/4jmvEbgMGRm/lIRcy/+ytunLDm+e8jOW7xfcSayxDmzpAAAAA9YrSxwEeKNSgRrWi/d8zJ5QeTRw+kg0Uqpn2e2KyQR+0pUDsg7fVlu64SNoTe62H9ztjOse7tyCQDbQ9bkxgnO76I9ijWlJIp9HE49KtWf+OFMeWkNc9pCIvteTimdARkc7UXi57fp4+O8qFD/X5tZdG4r6MA+E6LKGyLVgSOLkLvA/Au0fKL3TEES6UqxPPo8Y05dwX6ssDzRojzX54fJQlr738AEklZ5z/PVi137S1ja67KHPEXpbltmRVKWz4rFbVF+VphmG2mUNlOfY6oA8e5Sx7wpJM4c+seQXacoYAAAAAAAAAAAAAAAAAAAAAAAAAAAAAAAAAAAAAAAAAALruaUcu7+H8CMsmyTtJGWXL9h4FbXnCPweCUcdCDZBMAgQABQJAQg8ABQ8AAQYHCAkKCwUFBQUMAgOgAqM0yOeMA0W6FAEAAAGLZI542l/AiGL98WqbD7cn8gKT/fTrAAaqr+iWPzYnxCORzyU0mBJGa//k3L+m8rNQcs8+gRPW9NG1vvUFmcFNDCeNlVXlK0n/c3Z7OEpg7GWTdn2aS8DxxnqWzCeVmz8P8yU9A/2KsEvBmfHFDBul/YMCb8k4rqiyBDllDYuxrtzpL6rbPGdKqE1hHsDJDmlITXcq5npf614uZg2kjr4/AAEAAADoAwAAAAAAAAAAAAABAAAAAAEAAgAAAGFZsjIhiI/k4Jf83FMyo4EszCS+vrMsRiha6mJgMIKeLAEAAAAAAAAAAIiI6cSyl5N451k0XO5yRDnU7dhk5Bt4Zgn4ddmv4+AIvAIAAAAAAAAAAAAAAAA=",
      "base64"
    ],
    "meta": {
      "err": null,
      "status": {
        "Ok": null
      },
      "fee": 10000,
      "preBalances": [
        996478932,
        1000000000,
        9496836668,
        2293180800,
        1,
        1141440,
        0,
        1141440,
        1392000,
        1141440,
        0,
        1141440,
        1
      ],
      "postBalances": [
        996463556,
        1000000000,
        9496837044,
        2293185800,
        1,
        1141440,
        0,
        1141440,
        1392000,
        1141440,
        0,
        1141440,
        1
      ],
      "innerInstructions": [
        {
          "index": 1,
          "instructions": [
            {
              "programIdIndex": 7,
              "accounts": [
                0,
                6,
                8,
                9,
                10,
                11,
                5,
                7,
                7,
                12,
                7,
                2,
                3
              ],
              "data": "AdP3Yq8kJWgSqv2pJsUz3UKGRejVMHRMBy5wAxV1gWKVRCGLw36zd5MGXGLt9HF9TXy3J6wcYq8x2x3CbF3C3kfvmzVeeA4ZK2mJufjHeFUwo6G7Sexhxm18FXAC5ZnuxPNHaFWfdL4ustZADebC1ECWJCjndiZdcZTLzeSkcyv4xApWiEYxqaRXPBBgawgzAft8WAVZjR7cSHioebmxx3MMn6YdAdfXHqDCRr8jKLnJQ5dKNFbMoGsMRneq6tPGykjtcK1ZBcB5d29sbgFNdFvxzK95Rh2brQcTcPXtwA389bgHRL5MAtRvuoNsqyVWwVzDjF14tu8PRPrt99pW33SaCAGBjHTtnJ1qheX3NP3w3gs4gBtdVxbSsQs5X6tcdV8T3UZiqtvrELixFwYj8Zo4oUHXrn63ovsftFfdmpfSzSebANLw34Jb7tdCD2nFnT5PVrPw9d8dBduutho6mJAeyJbL2bjHU1xj2LThpMDKC2PEK8XSCVqrhYpouMe2EFkuF3w6KxcKw1kJ1ZZdoQdqaknN6EsmwFqHgDgggLRePwPFh3jNYkfyw7xwQEccPsHRmfk5w8qY2DbAgksUhLzmG8L6kiN1d3zSGvogvRf6BpeiayvPRKvDApREosAgqAXhg8nfPhgNifwc7p3oLZwtwLTACcZk1TVYXCv8KfTnMBT1Sa9V1NGBZoxYsQzhFg86XWcPjjk6hxd5zU8D4p5koMdgDgC2ChMntqSxYyt6NyeueTyub7dtHWLESXZopQsXfD1ALcgfsfqFYQcnnTVnnxWv8QN7xDzkRGRkeJo2GT2p2kAMqkVtcFBRjT796ePdHseA4rwhkpb7fjFmGfUM7YG7UsP41uh949366nbukz79QefSdceEhE93xnxi62yv7xYbAYEF3n5fqAJXyB4HPXVjQz1UKUFYAoKtbgVFFX3W43MUijcAPZaf",
              "stackHeight": 2
            },
            {
              "programIdIndex": 11,
              "accounts": [
                0,
                10,
                8,
                12,
                3,
                2
              ],
              "data": "WiZw2hSp2LSxinAV4MZFrZhyqHeSCxYy6pTQBzotg13s2HgckUNVRmGvRp89",
              "stackHeight": 3
            },
            {
              "programIdIndex": 12,
              "accounts": [
                0,
                3
              ],
              "data": "3Bxs4PckVVt51W8w",
              "stackHeight": 3
            },
            {
              "programIdIndex": 11,
              "accounts": [
                0,
                10,
                8,
                12,
                2
              ],
              "data": "7UWNMdwFJEWBQPSoUMKtr3bukccHKfYDfeQQkEJTkRR52MqsyybbmeLhdW4rUSQzfgw6LDbMb3emjEZMC6T8y8yf2kPoXgNW4jarNgTDhrZ",
              "stackHeight": 3
            },
            {
              "programIdIndex": 12,
              "accounts": [
                0,
                2
              ],
              "data": "3Bxs4LvrAdJLFH6X",
              "stackHeight": 4
            },
            {
              "programIdIndex": 9,
              "accounts": [],
              "data": "3oLtGWPG6EsRhRwBpFEBZbQCbrDkBnwUPsiSYzoBL5hCPaTBxFQKqexZftuBgWrEtmTPnxZcv3dB5FcuDcv2rNEWXeBwXAx6QDV2Zbo7DPk2XVmQ3ZsbAoPsk9pxZSHhNK14phsibkkT1Vr9XU1U7pLr86wTDSMpRXscMnWqmb5YpaG9XF1VMHrWW8QJdd5BTyc9FQCYFYQC8ctqhcfkWWn6iFh6bQsYScz7cARKVqRD6PstzkbVWiuq9zm4V3Bht6hsC4aBWfXGGjwCvvs4bN41fAbCQaoZtGGpRnU7dNRnSh3vayYyZBnwPyzpuL6QYn1bjHDb2rDqToVbog9Jsq3MV5D7Xod9AB4ua4Wke7mBZKy2nEwwEKgm36ffxbx4XLUZuQ4MTSQHiSPyy2JC3RsSHqR1yCUneDBWzmHdUCx66KNgQGcBpnc7qoPqhcfRGSCgPkcoLsx6AzovJduWg85r4ijbWmrscvNdqj1W2SbyBRPWsiB7jPaGogV1xdHBGoU4bj8Tkd1mtsLDX7oa7uz1KSXABgRrdtyZaRsL66cCiv8L4bd2hjo6St1e86SPGsdADi4SFHUmfRTqVZHXcPWPDC7QTUuNsTHSTjKKGuG4VUz4sanxm8Woq8wa2EaUtoDckp6ERaNznMKTxTh9LZ4ga4Qji67BvXQsbe62Z6bF1CkkbSCiEHT7AibYnGnzuiyiyiQ3LsLYQ3QKKouhioayWNEtwFZaX1BykDjGR3uytiWWBYUzhyXqqJhpdPH3B84PFfHPUQgiWgyNm5",
              "stackHeight": 3
            }
          ]
        }
      ],
      "logMessages": [
        "Program ComputeBudget111111111111111111111111111111 invoke [1]",
        "Program ComputeBudget111111111111111111111111111111 success",
        "Program HXVfQ44ATEi9WBKLSCCwM54KokdkzqXci9xCQ7ST9SYN invoke [1]",
        "Program log: Instruction: Transfer",
        "Program H5sFv8VwWmjxHYS2GB4fTDsK7uTtnRT4WiixtHrET3bN invoke [2]",
        "Program log: Instruction: InvokeCpi",
        "Program CbjvJc1SNx1aav8tU49dJGHu8EUdzQJSMtkjDmV8miqK invoke [3]",
        "Program log: Instruction: InsertIntoNullifierQueues",
        "Program CbjvJc1SNx1aav8tU49dJGHu8EUdzQJSMtkjDmV8miqK consumed 9341 of 816825 compute units",
        "Program CbjvJc1SNx1aav8tU49dJGHu8EUdzQJSMtkjDmV8miqK success",
        "Program 11111111111111111111111111111111 invoke [3]",
        "Program 11111111111111111111111111111111 success",
        "Program CbjvJc1SNx1aav8tU49dJGHu8EUdzQJSMtkjDmV8miqK invoke [3]",
        "Program log: Instruction: AppendLeavesToMerkleTrees",
        "Program 11111111111111111111111111111111 invoke [4]",
        "Program 11111111111111111111111111111111 success",
        "Program CbjvJc1SNx1aav8tU49dJGHu8EUdzQJSMtkjDmV8miqK consumed 51939 of 790356 compute units",
        "Program CbjvJc1SNx1aav8tU49dJGHu8EUdzQJSMtkjDmV8miqK success",
        "Program noopb9bkMVfRPU8AsbpTUg8AQkHtKwMYZiFUjNRtMmV invoke [3]",
        "Program noopb9bkMVfRPU8AsbpTUg8AQkHtKwMYZiFUjNRtMmV consumed 38 of 734927 compute units",
        "Program noopb9bkMVfRPU8AsbpTUg8AQkHtKwMYZiFUjNRtMmV success",
        "Program H5sFv8VwWmjxHYS2GB4fTDsK7uTtnRT4WiixtHrET3bN consumed 226867 of 961128 compute units",
        "Program H5sFv8VwWmjxHYS2GB4fTDsK7uTtnRT4WiixtHrET3bN success",
        "Program HXVfQ44ATEi9WBKLSCCwM54KokdkzqXci9xCQ7ST9SYN consumed 266570 of 999850 compute units",
        "Program HXVfQ44ATEi9WBKLSCCwM54KokdkzqXci9xCQ7ST9SYN success"
      ],
      "preTokenBalances": [],
      "postTokenBalances": [],
      "rewards": [],
      "loadedAddresses": {
        "writable": [],
        "readonly": []
      },
      "computeUnitsConsumed": 266720
    },
    "version": 0,
    "blockTime": 1717594775
  },
  "compressionInfo": {
    "closedAccounts": [
      {
        "account": {
          "hash": "sKXVGdDgbogNTGsoa1eWGcE4u7M7PbdoTYBD6L739yB",
          "address": null,
          "data": {
            "discriminator": 2,
            "data": "3Okvqts8Z0qoTWEewMkOaUhNdyrmel/rXi5mDaSOvj9hWbIyIYiP5OCX/NxTMqOBLMwkvr6zLEYoWupiYDCCnugDAAAAAAAAAAAAAAAAAAAAAAA=",
            "dataHash": "Ta3F7qfK5vNRy1zPB1ifmxeHM1ZfBaqxqUmBRWVCX8Y"
          },
          "owner": "HXVfQ44ATEi9WBKLSCCwM54KokdkzqXci9xCQ7ST9SYN",
          "lamports": 0,
          "tree": "5bdFnXU47QjzGpzHfXnxcEi5WXyxzEAZzd1vrE39bf1W",
          "leafIndex": 0,
          "seq": 1,
          "slotCreated": 0
        },
        "optionalTokenData": {
          "mint": "FsLvdEqi6xTaxSDZ6mzCRhWGRN6W7c7n8E4SmPix6YM4",
          "owner": "7Z1siJsXDpSgwyXsErgdrhbLNHGuqoivfjbycnUyxWX7",
          "amount": 1000,
          "delegate": null,
          "state": "initialized",
          "isNative": null,
          "delegatedAmount": 0
        }
      }
    ],
    "openedAccounts": [
      {
        "account": {
          "hash": "3E79jMkJGfK5dvJ5uFCVZUUYQt62N23UUQjtLqL6Xup8",
          "address": null,
          "data": {
            "discriminator": 2,
            "data": "3Okvqts8Z0qoTWEewMkOaUhNdyrmel/rXi5mDaSOvj9hWbIyIYiP5OCX/NxTMqOBLMwkvr6zLEYoWupiYDCCniwBAAAAAAAAAAAAAAAAAAAAAAA=",
            "dataHash": "ipgQY2rAKLuR54ZgkkLtivtr1qQhd5CGado3R3WQxhB"
          },
          "owner": "HXVfQ44ATEi9WBKLSCCwM54KokdkzqXci9xCQ7ST9SYN",
          "lamports": 0,
          "tree": "5bdFnXU47QjzGpzHfXnxcEi5WXyxzEAZzd1vrE39bf1W",
          "leafIndex": 1,
          "seq": 2,
          "slotCreated": 53
        },
        "optionalTokenData": {
          "mint": "FsLvdEqi6xTaxSDZ6mzCRhWGRN6W7c7n8E4SmPix6YM4",
          "owner": "7Z1siJsXDpSgwyXsErgdrhbLNHGuqoivfjbycnUyxWX7",
          "amount": 300,
          "delegate": null,
          "state": "initialized",
          "isNative": null,
          "delegatedAmount": 0
        }
      },
      {
        "account": {
          "hash": "2wN5qe6d9ptX8VkSN7QYS8qAnRMMmVhmFQET29BNe5PP",
          "address": null,
          "data": {
            "discriminator": 2,
            "data": "3Okvqts8Z0qoTWEewMkOaUhNdyrmel/rXi5mDaSOvj+IiOnEspeTeOdZNFzuckQ51O3YZOQbeGYJ+HXZr+PgCLwCAAAAAAAAAAAAAAAAAAAAAAA=",
            "dataHash": "3kc71bVFqhxuPprfvg2ZeVi7oTzLdoSZrCgRKhBXJ7RH"
          },
          "owner": "HXVfQ44ATEi9WBKLSCCwM54KokdkzqXci9xCQ7ST9SYN",
          "lamports": 0,
          "tree": "5bdFnXU47QjzGpzHfXnxcEi5WXyxzEAZzd1vrE39bf1W",
          "leafIndex": 2,
          "seq": 3,
          "slotCreated": 53
        },
        "optionalTokenData": {
          "mint": "FsLvdEqi6xTaxSDZ6mzCRhWGRN6W7c7n8E4SmPix6YM4",
          "owner": "AByXwz518ntDjhTaMr6Z65pgde3gy7t4tZ6htdPGkjhh",
          "amount": 700,
          "delegate": null,
          "state": "initialized",
          "isNative": null,
          "delegatedAmount": 0
        }
      }
    ]
  }
}
