---
source: tests/integration_tests/e2e_tests.rs
expression: accounts
---
{
  "context": {
    "slot": 0
  },
  "value": {
    "items": [
      {
        "hash": "227BXTcxfhvpTTAUBu2H3wVaBjqLbXijmsjaSiESBWaE",
        "address": null,
        "data": null,
        "owner": "xJVLBBTaxGx9FXW56R3xvhasYck3jpsBhyRJmW52X5z",
        "lamports": 999998000,
        "tree": "5bdFnXU47QjzGpzHfXnxcEi5WXyxzEAZzd1vrE39bf1W",
        "leafIndex": 3,
        "seq": 4,
        "slotCreated": 0
      }
    ],
    "cursor": null
  }
}
