---
source: tests/integration_tests/e2e_tests.rs
expression: signatures
---
[
  {
    "signature": "4iXfgDbgAEQU8hcto67feZsNHxFGm3JKKo97zDgnT84VAUTTjiSCEyi1ZSMFdiybS5XmRHy3nW1qDtKkTPEBpsV9",
    "slot": 0,
    "blockTime": 0
  }
]
