---
source: tests/integration_tests/e2e_tests.rs
expression: proofs
---
{
  "context": {
    "slot": 0
  },
  "value": []
}
