---
source: tests/integration_tests/e2e_tests.rs
expression: transactions
---
{
  "context": {
    "slot": 0
  },
  "value": {
    "items": [
      {
        "signature": "3TEXdBWMdMt676EdSHfPKoP2tVWrenpQpQYuD4Cziufm6LMQ5ABsPSYix77ox9U6Vc1CtcgUSciZhsxpKCFHw9JT",
        "slot": 0,
        "blockTime": 0
      }
    ],
    "cursor": null
  }
}
